
PROGRAM "C:\Documents and Settings\Administrador\Escritorio\Proyecto final\Soft V1.0\Firmware 1.0\bin\Project.abs"

*********************************************************************************************
TARGET SECTION
---------------------------------------------------------------------------------------------
Processor   : Freescale HC08
Memory Model: SMALL
File Format : ELF\DWARF 2.0
Linker      : SmartLinker V-5.0.37 Build 9279, Oct  7 2009

*********************************************************************************************
FILE SECTION
---------------------------------------------------------------------------------------------
main.c.o                                Model: SMALL,         Lang: ANSI-C
RTSHC08.C.o (ansiis.lib)                Model: SMALL,         Lang: ANSI-C
Start08.c.o                             Model: SMALL,         Lang: ANSI-C
Comunicacion.c.o                        Model: SMALL,         Lang: ANSI-C
Config.c.o                              Model: SMALL,         Lang: ANSI-C
ConfigJM16.c.o                          Model: SMALL,         Lang: ANSI-C
SensoresUltraSonido.c.o                 Model: SMALL,         Lang: ANSI-C
RTCmodule.c.o                           Model: SMALL,         Lang: ANSI-C
FunctionHandler.c.o                     Model: SMALL,         Lang: ANSI-C
MC9S08JM32.C.o                          Model: SMALL,         Lang: ANSI-C
SensoresMeta.c.o                        Model: SMALL,         Lang: ANSI-C

*********************************************************************************************
STARTUP SECTION
---------------------------------------------------------------------------------------------
Entry point: 0x8094 (_Startup)
_startupData is allocated at 0x809E and uses 6 Bytes
extern struct _tagStartup {
  unsigned nofZeroOut     1
  _Range   pZeroOut       0x100     297
  _Copy    *toCopyDownBeg 0x8628
} _startupData;

*********************************************************************************************
SECTION-ALLOCATION SECTION
Section Name                    Size  Type     From       To       Segment
---------------------------------------------------------------------------------------------
.init                            158     R     0x8000     0x809D   ROM
.startData                        18     R     0x809E     0x80AF   ROM
.text                           1400     R     0x80B0     0x8627   ROM
.copy                              2     R     0x8628     0x8629   ROM
.abs_section_ffd4                  2     R     0xFFD4     0xFFD5   .absSeg0
.abs_section_ffd6                  2     R     0xFFD6     0xFFD7   .absSeg1
.abs_section_ffec                  2     R     0xFFEC     0xFFED   .absSeg2
.abs_section_ffea                  2     R     0xFFEA     0xFFEB   .absSeg3
.abs_section_ffe8                  2     R     0xFFE8     0xFFE9   .absSeg4
.abs_section_ffc4                  2     R     0xFFC4     0xFFC5   .absSeg5
.abs_section_0                     1   N/I        0x0        0x0   .absSeg6
.abs_section_1                     1   N/I        0x1        0x1   .absSeg7
.abs_section_2                     1   N/I        0x2        0x2   .absSeg8
.abs_section_3                     1   N/I        0x3        0x3   .absSeg9
.abs_section_4                     1   N/I        0x4        0x4   .absSeg10
.abs_section_5                     1   N/I        0x5        0x5   .absSeg11
.abs_section_6                     1   N/I        0x6        0x6   .absSeg12
.abs_section_7                     1   N/I        0x7        0x7   .absSeg13
.abs_section_8                     1   N/I        0x8        0x8   .absSeg14
.abs_section_9                     1   N/I        0x9        0x9   .absSeg15
.abs_section_a                     1   N/I        0xA        0xA   .absSeg16
.abs_section_b                     1   N/I        0xB        0xB   .absSeg17
.abs_section_c                     1   N/I        0xC        0xC   .absSeg18
.abs_section_d                     1   N/I        0xD        0xD   .absSeg19
.abs_section_e                     1   N/I        0xE        0xE   .absSeg20
.abs_section_10                    1   N/I       0x10       0x10   .absSeg21
.abs_section_11                    1   N/I       0x11       0x11   .absSeg22
.abs_section_16                    1   N/I       0x16       0x16   .absSeg23
.abs_section_17                    1   N/I       0x17       0x17   .absSeg24
.abs_section_18                    1   N/I       0x18       0x18   .absSeg25
.abs_section_1b                    1   N/I       0x1B       0x1B   .absSeg26
.abs_section_1c                    1   N/I       0x1C       0x1C   .absSeg27
.abs_section_1d                    1   N/I       0x1D       0x1D   .absSeg28
.abs_section_1e                    1   N/I       0x1E       0x1E   .absSeg29
.abs_section_20                    1   N/I       0x20       0x20   .absSeg30
.abs_section_25                    1   N/I       0x25       0x25   .absSeg31
.abs_section_28                    1   N/I       0x28       0x28   .absSeg32
.abs_section_2b                    1   N/I       0x2B       0x2B   .absSeg33
.abs_section_2e                    1   N/I       0x2E       0x2E   .absSeg34
.abs_section_31                    1   N/I       0x31       0x31   .absSeg35
.abs_section_34                    1   N/I       0x34       0x34   .absSeg36
.abs_section_3a                    1   N/I       0x3A       0x3A   .absSeg37
.abs_section_3b                    1   N/I       0x3B       0x3B   .absSeg38
.abs_section_3c                    1   N/I       0x3C       0x3C   .absSeg39
.abs_section_3d                    1   N/I       0x3D       0x3D   .absSeg40
.abs_section_3e                    1   N/I       0x3E       0x3E   .absSeg41
.abs_section_3f                    1   N/I       0x3F       0x3F   .absSeg42
.abs_section_42                    1   N/I       0x42       0x42   .absSeg43
.abs_section_43                    1   N/I       0x43       0x43   .absSeg44
.abs_section_44                    1   N/I       0x44       0x44   .absSeg45
.abs_section_45                    1   N/I       0x45       0x45   .absSeg46
.abs_section_46                    1   N/I       0x46       0x46   .absSeg47
.abs_section_47                    1   N/I       0x47       0x47   .absSeg48
.abs_section_48                    1   N/I       0x48       0x48   .absSeg49
.abs_section_49                    1   N/I       0x49       0x49   .absSeg50
.abs_section_4a                    1   N/I       0x4A       0x4A   .absSeg51
.abs_section_4b                    1   N/I       0x4B       0x4B   .absSeg52
.abs_section_4c                    1   N/I       0x4C       0x4C   .absSeg53
.abs_section_50                    1   N/I       0x50       0x50   .absSeg54
.abs_section_51                    1   N/I       0x51       0x51   .absSeg55
.abs_section_52                    1   N/I       0x52       0x52   .absSeg56
.abs_section_53                    1   N/I       0x53       0x53   .absSeg57
.abs_section_58                    1   N/I       0x58       0x58   .absSeg58
.abs_section_59                    1   N/I       0x59       0x59   .absSeg59
.abs_section_5a                    1   N/I       0x5A       0x5A   .absSeg60
.abs_section_5b                    1   N/I       0x5B       0x5B   .absSeg61
.abs_section_5c                    1   N/I       0x5C       0x5C   .absSeg62
.abs_section_5d                    1   N/I       0x5D       0x5D   .absSeg63
.abs_section_60                    1   N/I       0x60       0x60   .absSeg64
.abs_section_65                    1   N/I       0x65       0x65   .absSeg65
.abs_section_68                    1   N/I       0x68       0x68   .absSeg66
.abs_section_6c                    1   N/I       0x6C       0x6C   .absSeg67
.abs_section_6d                    1   N/I       0x6D       0x6D   .absSeg68
.abs_section_6e                    1   N/I       0x6E       0x6E   .absSeg69
.abs_section_70                    1   N/I       0x70       0x70   .absSeg70
.abs_section_71                    1   N/I       0x71       0x71   .absSeg71
.abs_section_72                    1   N/I       0x72       0x72   .absSeg72
.abs_section_73                    1   N/I       0x73       0x73   .absSeg73
.abs_section_80                    1   N/I       0x80       0x80   .absSeg74
.abs_section_88                    1   N/I       0x88       0x88   .absSeg75
.abs_section_89                    1   N/I       0x89       0x89   .absSeg76
.abs_section_8a                    1   N/I       0x8A       0x8A   .absSeg77
.abs_section_90                    1   N/I       0x90       0x90   .absSeg78
.abs_section_91                    1   N/I       0x91       0x91   .absSeg79
.abs_section_92                    1   N/I       0x92       0x92   .absSeg80
.abs_section_93                    1   N/I       0x93       0x93   .absSeg81
.abs_section_94                    1   N/I       0x94       0x94   .absSeg82
.abs_section_95                    1   N/I       0x95       0x95   .absSeg83
.abs_section_96                    1   N/I       0x96       0x96   .absSeg84
.abs_section_97                    1   N/I       0x97       0x97   .absSeg85
.abs_section_98                    1   N/I       0x98       0x98   .absSeg86
.abs_section_9d                    1   N/I       0x9D       0x9D   .absSeg87
.abs_section_9e                    1   N/I       0x9E       0x9E   .absSeg88
.abs_section_9f                    1   N/I       0x9F       0x9F   .absSeg89
.abs_section_a0                    1   N/I       0xA0       0xA0   .absSeg90
.abs_section_a1                    1   N/I       0xA1       0xA1   .absSeg91
.abs_section_a2                    1   N/I       0xA2       0xA2   .absSeg92
.abs_section_a3                    1   N/I       0xA3       0xA3   .absSeg93
.abs_section_1800                  1   N/I     0x1800     0x1800   .absSeg94
.abs_section_1801                  1   N/I     0x1801     0x1801   .absSeg95
.abs_section_1802                  1   N/I     0x1802     0x1802   .absSeg96
.abs_section_1803                  1   N/I     0x1803     0x1803   .absSeg97
.abs_section_1809                  1   N/I     0x1809     0x1809   .absSeg98
.abs_section_180a                  1   N/I     0x180A     0x180A   .absSeg99
.abs_section_1816                  1   N/I     0x1816     0x1816   .absSeg100
.abs_section_1817                  1   N/I     0x1817     0x1817   .absSeg101
.abs_section_1818                  1   N/I     0x1818     0x1818   .absSeg102
.abs_section_1820                  1   N/I     0x1820     0x1820   .absSeg103
.abs_section_1821                  1   N/I     0x1821     0x1821   .absSeg104
.abs_section_1823                  1   N/I     0x1823     0x1823   .absSeg105
.abs_section_1824                  1   N/I     0x1824     0x1824   .absSeg106
.abs_section_1825                  1   N/I     0x1825     0x1825   .absSeg107
.abs_section_1826                  1   N/I     0x1826     0x1826   .absSeg108
.abs_section_1840                  1   N/I     0x1840     0x1840   .absSeg109
.abs_section_1841                  1   N/I     0x1841     0x1841   .absSeg110
.abs_section_1842                  1   N/I     0x1842     0x1842   .absSeg111
.abs_section_1844                  1   N/I     0x1844     0x1844   .absSeg112
.abs_section_1845                  1   N/I     0x1845     0x1845   .absSeg113
.abs_section_1846                  1   N/I     0x1846     0x1846   .absSeg114
.abs_section_1848                  1   N/I     0x1848     0x1848   .absSeg115
.abs_section_1849                  1   N/I     0x1849     0x1849   .absSeg116
.abs_section_184a                  1   N/I     0x184A     0x184A   .absSeg117
.abs_section_184c                  1   N/I     0x184C     0x184C   .absSeg118
.abs_section_184d                  1   N/I     0x184D     0x184D   .absSeg119
.abs_section_184e                  1   N/I     0x184E     0x184E   .absSeg120
.abs_section_1850                  1   N/I     0x1850     0x1850   .absSeg121
.abs_section_1851                  1   N/I     0x1851     0x1851   .absSeg122
.abs_section_1852                  1   N/I     0x1852     0x1852   .absSeg123
.abs_section_1854                  1   N/I     0x1854     0x1854   .absSeg124
.abs_section_1855                  1   N/I     0x1855     0x1855   .absSeg125
.abs_section_1856                  1   N/I     0x1856     0x1856   .absSeg126
.abs_section_1858                  1   N/I     0x1858     0x1858   .absSeg127
.abs_section_1859                  1   N/I     0x1859     0x1859   .absSeg128
.abs_section_185a                  1   N/I     0x185A     0x185A   .absSeg129
.abs_section_12                    2   N/I       0x12       0x13   .absSeg130
.abs_section_14                    2   N/I       0x14       0x15   .absSeg131
.abs_section_21                    2   N/I       0x21       0x22   .absSeg132
.abs_section_23                    2   N/I       0x23       0x24   .absSeg133
.abs_section_26                    2   N/I       0x26       0x27   .absSeg134
.abs_section_29                    2   N/I       0x29       0x2A   .absSeg135
.abs_section_2c                    2   N/I       0x2C       0x2D   .absSeg136
.abs_section_2f                    2   N/I       0x2F       0x30   .absSeg137
.abs_section_32                    2   N/I       0x32       0x33   .absSeg138
.abs_section_35                    2   N/I       0x35       0x36   .absSeg139
.abs_section_38                    2   N/I       0x38       0x39   .absSeg140
.abs_section_40                    2   N/I       0x40       0x41   .absSeg141
.abs_section_54                    2   N/I       0x54       0x55   .absSeg142
.abs_section_56                    2   N/I       0x56       0x57   .absSeg143
.abs_section_61                    2   N/I       0x61       0x62   .absSeg144
.abs_section_63                    2   N/I       0x63       0x64   .absSeg145
.abs_section_66                    2   N/I       0x66       0x67   .absSeg146
.abs_section_69                    2   N/I       0x69       0x6A   .absSeg147
.abs_section_74                    2   N/I       0x74       0x75   .absSeg148
.abs_section_76                    2   N/I       0x76       0x77   .absSeg149
.abs_section_1806                  2   N/I     0x1806     0x1807   .absSeg150
.abs_section_1810                  2   N/I     0x1810     0x1811   .absSeg151
.abs_section_1812                  2   N/I     0x1812     0x1813   .absSeg152
.abs_section_1814                  2   N/I     0x1814     0x1815   .absSeg153
.abs_section_ffca                  2     R     0xFFCA     0xFFCB   .absSeg154
.bss                             200   R/W      0x100      0x1C7   RAM
.common                           97   R/W      0x1C8      0x228   RAM
.stack                           128   R/W      0x229      0x2A8   RAM
.vectSeg155_vect                   2     R     0xFFFE     0xFFFF   .vectSeg155

Summary of section sizes per section type:
READ_ONLY (R):         63A (dec:     1594)
READ_WRITE (R/W):      1A9 (dec:      425)
NO_INIT (N/I):          AC (dec:      172)

*********************************************************************************************
VECTOR-ALLOCATION SECTION
    Address     InitValue   InitFunction
---------------------------------------------------------------------------------------------
     0xFFFE        0x8094   _Startup

*********************************************************************************************
OBJECT-ALLOCATION SECTION
     Name               Module                 Addr   hSize   dSize     Ref    Section   RLIB
---------------------------------------------------------------------------------------------
MODULE:                 -- main.c.o --
- PROCEDURES:
     main                                      80B0      4A      74       1   .text       
- VARIABLES:
     f1                                         100       6       6       1   .bss        
MODULE:                 -- RTSHC08.C.o (ansiis.lib) --
- PROCEDURES:
     _IDIVMOD                                  80FA      69     105       1   .text       
     _IMUL_STAR08                              8163      27      39       3   .text       
     _IDIVU_STAR08                             818A       D      13       3   .text       
- VARIABLES:
MODULE:                 -- Start08.c.o --
- PROCEDURES:
     loadByte                                  8000       E      14       5   .init       
     Init                                      800E      86     134       1   .init       
     _Startup                                  8094       A      10       0   .init       
- VARIABLES:
     _startupData                              809E       6       6       4   .startData  
- LABELS:
     __SEG_END_SSTACK                           2A9       0       0       1               
MODULE:                 -- Comunicacion.c.o --
- PROCEDURES:
     beginComunication                         8197       6       6       1   .text       
     TxInterrupt                               819D      25      37       1   .text       
     RxInterrupt                               81C2      B2     178       2   .text       
- VARIABLES:
     dataPointer                                106       1       1       5   .bss        
     txDataLength                               107       1       1       2   .bss        
     nBytes                                     108       1       1       3   .bss        
     _Vector_21                                FFD4       2       2       0   .abs_section_ffd4
     _Vector_20                                FFD6       2       2       0   .abs_section_ffd6
     STATUS_MEF                                 1C8       1       1      12   .common     
     function                                   1C9       1       1       2   .common     
     bufferTx                                   1CA      20      32       2   .common     
     bufferRx                                   109      20      32       3   .bss        
MODULE:                 -- Config.c.o --
- PROCEDURES:
     InitBuffer                                8274       4       4       3   .text       
     getFromBuffer                             8278      43      67       2   .text       
     setToBuffer                               82BB      4D      77       2   .text       
     getSpaceOfBuffer                          8308      24      36       2   .text       
     getExecutingVectorPointer                 832C       4       4       1   .text       
     getFromExecutingVectorOnIndex             8330      1C      28       1   .text       
     initExecutingVector                       834C      1F      31       1   .text       
     setBufferOnBuffer                         836B      41      65       1   .text       
     isDataAvailable                           83AC      17      23       1   .text       
- VARIABLES:
     executingVector                            129      5C      92       8   .bss        
MODULE:                 -- ConfigJM16.c.o --
- PROCEDURES:
     InitReg                                   83C3       9       9       1   .text       
     InitClock                                 83CC      1C      28       1   .text       
     InitComunication                          83E8      11      17       1   .text       
     InitInputCompare                          83F9      10      16       1   .text       
     InitPwm                                   8409      18      24       1   .text       
     InitADC                                   8421       E      14       1   .text       
     InitPorts                                 842F      1A      26       1   .text       
     InitRtc                                   8449       6       6       1   .text       
- VARIABLES:
MODULE:                 -- SensoresUltraSonido.c.o --
- PROCEDURES:
     interruptSensorFront                      844F      7B     123       1   .text       
     interruptSensorLeft                       84CA      7B     123       1   .text       
     interruptSensorRight                      8545      7B     123       1   .text       
- VARIABLES:
     mefSensorFrontStatus                       185       1       1       3   .bss        
     mefSensorLeftStatus                        186       1       1       3   .bss        
     mefSensorRightStatus                       187       1       1       3   .bss        
     _Vector_9                                 FFEC       2       2       0   .abs_section_ffec
     _Vector_10                                FFEA       2       2       0   .abs_section_ffea
     _Vector_11                                FFE8       2       2       0   .abs_section_ffe8
     sensorFrontTime                            1EA       2       2       1   .common     
     risingEdgeTimeSensorFront                  1EC       2       2       3   .common     
     fallingEdgeTimeSensorFront                 1EE       2       2       3   .common     
     measureSensorFront16                       1F0       2       2       3   .common     
     sensorFrontFunctionStruct                  1F2       2       2       2   .common     
     sensorFrontDatos                           1F4       B      11       4   .common     
     sensorLeftTime                             1FF       2       2       1   .common     
     risingEdgeTimeSensorLeft                   201       2       2       3   .common     
     fallingEdgeTimeSensorLeft                  203       2       2       3   .common     
     measureSensorLeft16                        205       2       2       3   .common     
     sensorLeftFunctionStruct                   207       2       2       2   .common     
     sensorLeftDatos                            209       B      11       4   .common     
     sensorRightTime                            214       2       2       1   .common     
     risingEdgeTimeSensorRight                  216       2       2       3   .common     
     fallingEdgeTimeSensorRight                 218       2       2       3   .common     
     measureSensorRight16                       21A       2       2       3   .common     
     sensorRightFunctionStruct                  21C       2       2       2   .common     
     sensorRightDatos                           21E       B      11       4   .common     
MODULE:                 -- RTCmodule.c.o --
- PROCEDURES:
     RTCInterrupt                              85C0      1B      27       1   .text       
     decreaseTimer                             85DB      3C      60       1   .text       
- VARIABLES:
     _Vector_29                                FFC4       2       2       0   .abs_section_ffc4
MODULE:                 -- FunctionHandler.c.o --
- PROCEDURES:
- VARIABLES:
     bufferIn                                   188      20      32       2   .bss        
     bufferOut                                  1A8      20      32       1   .bss        
MODULE:                 -- MC9S08JM32.C.o --
- PROCEDURES:
- VARIABLES:
     _PTAD                                        0       1       1       0   .abs_section_0
     _PTADD                                       1       1       1       1   .abs_section_1
     _PTBD                                        2       1       1       3   .abs_section_2
     _PTBDD                                       3       1       1       1   .abs_section_3
     _PTCD                                        4       1       1       0   .abs_section_4
     _PTCDD                                       5       1       1       1   .abs_section_5
     _PTDD                                        6       1       1       1   .abs_section_6
     _PTDDD                                       7       1       1       1   .abs_section_7
     _PTED                                        8       1       1       0   .abs_section_8
     _PTEDD                                       9       1       1       1   .abs_section_9
     _PTFD                                        A       1       1       0   .abs_section_a
     _PTFDD                                       B       1       1       1   .abs_section_b
     _PTGD                                        C       1       1       2   .abs_section_c
     _PTGDD                                       D       1       1       1   .abs_section_d
     _ACMPSC                                      E       1       1       0   .abs_section_e
     _ADCSC1                                     10       1       1       5   .abs_section_10
     _ADCSC2                                     11       1       1       1   .abs_section_11
     _ADCCFG                                     16       1       1       1   .abs_section_16
     _APCTL1                                     17       1       1       2   .abs_section_17
     _APCTL2                                     18       1       1       0   .abs_section_18
     _IRQSC                                      1B       1       1       0   .abs_section_1b
     _KBISC                                      1C       1       1       0   .abs_section_1c
     _KBIPE                                      1D       1       1       0   .abs_section_1d
     _KBIES                                      1E       1       1       0   .abs_section_1e
     _TPM1SC                                     20       1       1       1   .abs_section_20
     _TPM1C0SC                                   25       1       1       4   .abs_section_25
     _TPM1C1SC                                   28       1       1       4   .abs_section_28
     _TPM1C2SC                                   2B       1       1       4   .abs_section_2b
     _TPM1C3SC                                   2E       1       1       1   .abs_section_2e
     _TPM1C4SC                                   31       1       1       0   .abs_section_31
     _TPM1C5SC                                   34       1       1       0   .abs_section_34
     _SCI1C1                                     3A       1       1       1   .abs_section_3a
     _SCI1C2                                     3B       1       1       4   .abs_section_3b
     _SCI1S1                                     3C       1       1       3   .abs_section_3c
     _SCI1S2                                     3D       1       1       1   .abs_section_3d
     _SCI1C3                                     3E       1       1       1   .abs_section_3e
     _SCI1D                                      3F       1       1       2   .abs_section_3f
     _SCI2C1                                     42       1       1       0   .abs_section_42
     _SCI2C2                                     43       1       1       0   .abs_section_43
     _SCI2S1                                     44       1       1       0   .abs_section_44
     _SCI2S2                                     45       1       1       0   .abs_section_45
     _SCI2C3                                     46       1       1       0   .abs_section_46
     _SCI2D                                      47       1       1       0   .abs_section_47
     _MCGC1                                      48       1       1       1   .abs_section_48
     _MCGC2                                      49       1       1       1   .abs_section_49
     _MCGTRM                                     4A       1       1       1   .abs_section_4a
     _MCGSC                                      4B       1       1       2   .abs_section_4b
     _MCGC3                                      4C       1       1       1   .abs_section_4c
     _SPI1C1                                     50       1       1       0   .abs_section_50
     _SPI1C2                                     51       1       1       0   .abs_section_51
     _SPI1BR                                     52       1       1       0   .abs_section_52
     _SPI1S                                      53       1       1       0   .abs_section_53
     _IICA                                       58       1       1       0   .abs_section_58
     _IICF                                       59       1       1       0   .abs_section_59
     _IICC1                                      5A       1       1       0   .abs_section_5a
     _IICS                                       5B       1       1       0   .abs_section_5b
     _IICD                                       5C       1       1       0   .abs_section_5c
     _IICC2                                      5D       1       1       0   .abs_section_5d
     _TPM2SC                                     60       1       1       1   .abs_section_60
     _TPM2C0SC                                   65       1       1       1   .abs_section_65
     _TPM2C1SC                                   68       1       1       1   .abs_section_68
     _RTCSC                                      6C       1       1       2   .abs_section_6c
     _RTCCNT                                     6D       1       1       0   .abs_section_6d
     _RTCMOD                                     6E       1       1       1   .abs_section_6e
     _SPI2C1                                     70       1       1       0   .abs_section_70
     _SPI2C2                                     71       1       1       0   .abs_section_71
     _SPI2BR                                     72       1       1       0   .abs_section_72
     _SPI2S                                      73       1       1       0   .abs_section_73
     _USBCTL0                                    80       1       1       1   .abs_section_80
     _PERID                                      88       1       1       0   .abs_section_88
     _IDCOMP                                     89       1       1       0   .abs_section_89
     _REV                                        8A       1       1       0   .abs_section_8a
     _INTSTAT                                    90       1       1       0   .abs_section_90
     _INTENB                                     91       1       1       0   .abs_section_91
     _ERRSTAT                                    92       1       1       0   .abs_section_92
     _ERRENB                                     93       1       1       0   .abs_section_93
     _STAT                                       94       1       1       0   .abs_section_94
     _CTL                                        95       1       1       0   .abs_section_95
     _ADDR                                       96       1       1       0   .abs_section_96
     _FRMNUML                                    97       1       1       0   .abs_section_97
     _FRMNUMH                                    98       1       1       0   .abs_section_98
     _EPCTL0                                     9D       1       1       0   .abs_section_9d
     _EPCTL1                                     9E       1       1       0   .abs_section_9e
     _EPCTL2                                     9F       1       1       0   .abs_section_9f
     _EPCTL3                                     A0       1       1       0   .abs_section_a0
     _EPCTL4                                     A1       1       1       0   .abs_section_a1
     _EPCTL5                                     A2       1       1       0   .abs_section_a2
     _EPCTL6                                     A3       1       1       0   .abs_section_a3
     _SRS                                      1800       1       1       0   .abs_section_1800
     _SBDFR                                    1801       1       1       0   .abs_section_1801
     _SOPT1                                    1802       1       1       1   .abs_section_1802
     _SOPT2                                    1803       1       1       0   .abs_section_1803
     _SPMSC1                                   1809       1       1       0   .abs_section_1809
     _SPMSC2                                   180A       1       1       0   .abs_section_180a
     _DBGC                                     1816       1       1       0   .abs_section_1816
     _DBGT                                     1817       1       1       0   .abs_section_1817
     _DBGS                                     1818       1       1       0   .abs_section_1818
     _FCDIV                                    1820       1       1       0   .abs_section_1820
     _FOPT                                     1821       1       1       0   .abs_section_1821
     _FCNFG                                    1823       1       1       0   .abs_section_1823
     _FPROT                                    1824       1       1       0   .abs_section_1824
     _FSTAT                                    1825       1       1       0   .abs_section_1825
     _FCMD                                     1826       1       1       0   .abs_section_1826
     _PTAPE                                    1840       1       1       0   .abs_section_1840
     _PTASE                                    1841       1       1       0   .abs_section_1841
     _PTADS                                    1842       1       1       0   .abs_section_1842
     _PTBPE                                    1844       1       1       0   .abs_section_1844
     _PTBSE                                    1845       1       1       0   .abs_section_1845
     _PTBDS                                    1846       1       1       0   .abs_section_1846
     _PTCPE                                    1848       1       1       0   .abs_section_1848
     _PTCSE                                    1849       1       1       0   .abs_section_1849
     _PTCDS                                    184A       1       1       0   .abs_section_184a
     _PTDPE                                    184C       1       1       0   .abs_section_184c
     _PTDSE                                    184D       1       1       0   .abs_section_184d
     _PTDDS                                    184E       1       1       0   .abs_section_184e
     _PTEPE                                    1850       1       1       1   .abs_section_1850
     _PTESE                                    1851       1       1       0   .abs_section_1851
     _PTEDS                                    1852       1       1       0   .abs_section_1852
     _PTFPE                                    1854       1       1       0   .abs_section_1854
     _PTFSE                                    1855       1       1       0   .abs_section_1855
     _PTFDS                                    1856       1       1       0   .abs_section_1856
     _PTGPE                                    1858       1       1       0   .abs_section_1858
     _PTGSE                                    1859       1       1       0   .abs_section_1859
     _PTGDS                                    185A       1       1       0   .abs_section_185a
     _ADCR                                       12       2       2       1   .abs_section_12
     _ADCCV                                      14       2       2       0   .abs_section_14
     _TPM1CNT                                    21       2       2       0   .abs_section_21
     _TPM1MOD                                    23       2       2       0   .abs_section_23
     _TPM1C0V                                    26       2       2       2   .abs_section_26
     _TPM1C1V                                    29       2       2       2   .abs_section_29
     _TPM1C2V                                    2C       2       2       2   .abs_section_2c
     _TPM1C3V                                    2F       2       2       0   .abs_section_2f
     _TPM1C4V                                    32       2       2       0   .abs_section_32
     _TPM1C5V                                    35       2       2       0   .abs_section_35
     _SCI1BD                                     38       2       2       2   .abs_section_38
     _SCI2BD                                     40       2       2       0   .abs_section_40
     _SPI1D16                                    54       2       2       0   .abs_section_54
     _SPI1M                                      56       2       2       0   .abs_section_56
     _TPM2CNT                                    61       2       2       0   .abs_section_61
     _TPM2MOD                                    63       2       2       2   .abs_section_63
     _TPM2C0V                                    66       2       2       2   .abs_section_66
     _TPM2C1V                                    69       2       2       2   .abs_section_69
     _SPI2D16                                    74       2       2       0   .abs_section_74
     _SPI2M                                      76       2       2       0   .abs_section_76
     _SDID                                     1806       2       2       0   .abs_section_1806
     _DBGCA                                    1810       2       2       0   .abs_section_1810
     _DBGCB                                    1812       2       2       0   .abs_section_1812
     _DBGF                                     1814       2       2       0   .abs_section_1814
MODULE:                 -- SensoresMeta.c.o --
- PROCEDURES:
     adcInterrupt                              8617       C      12       1   .text       
     switchSensor                              8623       5       5       1   .text       
- VARIABLES:
     _Vector_26                                FFCA       2       2       0   .abs_section_ffca

*********************************************************************************************
MODULE STATISTIC
  Name                                      Data   Code  Const
---------------------------------------------------------------------------------------------
  main.c.o                                     6     74      0
  RTSHC08.C.o (ansiis.lib)                     0    157      0
  Start08.c.o                                  0    158      0
  Comunicacion.c.o                            69    221      4
  Config.c.o                                  92    335      0
  ConfigJM16.c.o                               0    140      0
  SensoresUltraSonido.c.o                     66    369      6
  RTCmodule.c.o                                0     87      2
  FunctionHandler.c.o                         64      0      0
  MC9S08JM32.C.o                             172      0      0
  SensoresMeta.c.o                             0     17      2
  other                                      128     20      2

*********************************************************************************************
SECTION USE IN OBJECT-ALLOCATION SECTION
---------------------------------------------------------------------------------------------
SECTION: ".text"
  main _IDIVMOD _IMUL_STAR08 _IDIVU_STAR08 beginComunication TxInterrupt 
  RxInterrupt InitBuffer getFromBuffer setToBuffer getSpaceOfBuffer 
  getExecutingVectorPointer getFromExecutingVectorOnIndex initExecutingVector 
  setBufferOnBuffer isDataAvailable InitReg InitClock InitComunication 
  InitInputCompare InitPwm InitADC InitPorts InitRtc interruptSensorFront 
  interruptSensorLeft interruptSensorRight RTCInterrupt decreaseTimer 
  adcInterrupt switchSensor 
SECTION: ".bss"
  f1 dataPointer txDataLength nBytes bufferRx executingVector 
  mefSensorFrontStatus mefSensorLeftStatus mefSensorRightStatus bufferIn 
  bufferOut 
SECTION: ".init"
  loadByte Init _Startup 
SECTION: ".common"
  STATUS_MEF function bufferTx sensorFrontTime risingEdgeTimeSensorFront 
  fallingEdgeTimeSensorFront measureSensorFront16 sensorFrontFunctionStruct 
  sensorFrontDatos sensorLeftTime risingEdgeTimeSensorLeft 
  fallingEdgeTimeSensorLeft measureSensorLeft16 sensorLeftFunctionStruct 
  sensorLeftDatos sensorRightTime risingEdgeTimeSensorRight 
  fallingEdgeTimeSensorRight measureSensorRight16 sensorRightFunctionStruct 
  sensorRightDatos 
SECTION: ".abs_section_ffd4"
  _Vector_21 
SECTION: ".abs_section_ffd6"
  _Vector_20 
SECTION: ".abs_section_ffec"
  _Vector_9 
SECTION: ".abs_section_ffea"
  _Vector_10 
SECTION: ".abs_section_ffe8"
  _Vector_11 
SECTION: ".abs_section_ffc4"
  _Vector_29 
SECTION: ".abs_section_0"
  _PTAD 
SECTION: ".abs_section_1"
  _PTADD 
SECTION: ".abs_section_2"
  _PTBD 
SECTION: ".abs_section_3"
  _PTBDD 
SECTION: ".abs_section_4"
  _PTCD 
SECTION: ".abs_section_5"
  _PTCDD 
SECTION: ".abs_section_6"
  _PTDD 
SECTION: ".abs_section_7"
  _PTDDD 
SECTION: ".abs_section_8"
  _PTED 
SECTION: ".abs_section_9"
  _PTEDD 
SECTION: ".abs_section_a"
  _PTFD 
SECTION: ".abs_section_b"
  _PTFDD 
SECTION: ".abs_section_c"
  _PTGD 
SECTION: ".abs_section_d"
  _PTGDD 
SECTION: ".abs_section_e"
  _ACMPSC 
SECTION: ".abs_section_10"
  _ADCSC1 
SECTION: ".abs_section_11"
  _ADCSC2 
SECTION: ".abs_section_16"
  _ADCCFG 
SECTION: ".abs_section_17"
  _APCTL1 
SECTION: ".abs_section_18"
  _APCTL2 
SECTION: ".abs_section_1b"
  _IRQSC 
SECTION: ".abs_section_1c"
  _KBISC 
SECTION: ".abs_section_1d"
  _KBIPE 
SECTION: ".abs_section_1e"
  _KBIES 
SECTION: ".abs_section_20"
  _TPM1SC 
SECTION: ".abs_section_25"
  _TPM1C0SC 
SECTION: ".abs_section_28"
  _TPM1C1SC 
SECTION: ".abs_section_2b"
  _TPM1C2SC 
SECTION: ".abs_section_2e"
  _TPM1C3SC 
SECTION: ".abs_section_31"
  _TPM1C4SC 
SECTION: ".abs_section_34"
  _TPM1C5SC 
SECTION: ".abs_section_3a"
  _SCI1C1 
SECTION: ".abs_section_3b"
  _SCI1C2 
SECTION: ".abs_section_3c"
  _SCI1S1 
SECTION: ".abs_section_3d"
  _SCI1S2 
SECTION: ".abs_section_3e"
  _SCI1C3 
SECTION: ".abs_section_3f"
  _SCI1D 
SECTION: ".abs_section_42"
  _SCI2C1 
SECTION: ".abs_section_43"
  _SCI2C2 
SECTION: ".abs_section_44"
  _SCI2S1 
SECTION: ".abs_section_45"
  _SCI2S2 
SECTION: ".abs_section_46"
  _SCI2C3 
SECTION: ".abs_section_47"
  _SCI2D 
SECTION: ".abs_section_48"
  _MCGC1 
SECTION: ".abs_section_49"
  _MCGC2 
SECTION: ".abs_section_4a"
  _MCGTRM 
SECTION: ".abs_section_4b"
  _MCGSC 
SECTION: ".abs_section_4c"
  _MCGC3 
SECTION: ".abs_section_50"
  _SPI1C1 
SECTION: ".abs_section_51"
  _SPI1C2 
SECTION: ".abs_section_52"
  _SPI1BR 
SECTION: ".abs_section_53"
  _SPI1S 
SECTION: ".abs_section_58"
  _IICA 
SECTION: ".abs_section_59"
  _IICF 
SECTION: ".abs_section_5a"
  _IICC1 
SECTION: ".abs_section_5b"
  _IICS 
SECTION: ".abs_section_5c"
  _IICD 
SECTION: ".abs_section_5d"
  _IICC2 
SECTION: ".abs_section_60"
  _TPM2SC 
SECTION: ".abs_section_65"
  _TPM2C0SC 
SECTION: ".abs_section_68"
  _TPM2C1SC 
SECTION: ".abs_section_6c"
  _RTCSC 
SECTION: ".abs_section_6d"
  _RTCCNT 
SECTION: ".abs_section_6e"
  _RTCMOD 
SECTION: ".abs_section_70"
  _SPI2C1 
SECTION: ".abs_section_71"
  _SPI2C2 
SECTION: ".abs_section_72"
  _SPI2BR 
SECTION: ".abs_section_73"
  _SPI2S 
SECTION: ".abs_section_80"
  _USBCTL0 
SECTION: ".abs_section_88"
  _PERID 
SECTION: ".abs_section_89"
  _IDCOMP 
SECTION: ".abs_section_8a"
  _REV 
SECTION: ".abs_section_90"
  _INTSTAT 
SECTION: ".abs_section_91"
  _INTENB 
SECTION: ".abs_section_92"
  _ERRSTAT 
SECTION: ".abs_section_93"
  _ERRENB 
SECTION: ".abs_section_94"
  _STAT 
SECTION: ".abs_section_95"
  _CTL 
SECTION: ".abs_section_96"
  _ADDR 
SECTION: ".abs_section_97"
  _FRMNUML 
SECTION: ".abs_section_98"
  _FRMNUMH 
SECTION: ".abs_section_9d"
  _EPCTL0 
SECTION: ".abs_section_9e"
  _EPCTL1 
SECTION: ".abs_section_9f"
  _EPCTL2 
SECTION: ".abs_section_a0"
  _EPCTL3 
SECTION: ".abs_section_a1"
  _EPCTL4 
SECTION: ".abs_section_a2"
  _EPCTL5 
SECTION: ".abs_section_a3"
  _EPCTL6 
SECTION: ".abs_section_1800"
  _SRS 
SECTION: ".abs_section_1801"
  _SBDFR 
SECTION: ".abs_section_1802"
  _SOPT1 
SECTION: ".abs_section_1803"
  _SOPT2 
SECTION: ".abs_section_1809"
  _SPMSC1 
SECTION: ".abs_section_180a"
  _SPMSC2 
SECTION: ".abs_section_1816"
  _DBGC 
SECTION: ".abs_section_1817"
  _DBGT 
SECTION: ".abs_section_1818"
  _DBGS 
SECTION: ".abs_section_1820"
  _FCDIV 
SECTION: ".abs_section_1821"
  _FOPT 
SECTION: ".abs_section_1823"
  _FCNFG 
SECTION: ".abs_section_1824"
  _FPROT 
SECTION: ".abs_section_1825"
  _FSTAT 
SECTION: ".abs_section_1826"
  _FCMD 
SECTION: ".abs_section_1840"
  _PTAPE 
SECTION: ".abs_section_1841"
  _PTASE 
SECTION: ".abs_section_1842"
  _PTADS 
SECTION: ".abs_section_1844"
  _PTBPE 
SECTION: ".abs_section_1845"
  _PTBSE 
SECTION: ".abs_section_1846"
  _PTBDS 
SECTION: ".abs_section_1848"
  _PTCPE 
SECTION: ".abs_section_1849"
  _PTCSE 
SECTION: ".abs_section_184a"
  _PTCDS 
SECTION: ".abs_section_184c"
  _PTDPE 
SECTION: ".abs_section_184d"
  _PTDSE 
SECTION: ".abs_section_184e"
  _PTDDS 
SECTION: ".abs_section_1850"
  _PTEPE 
SECTION: ".abs_section_1851"
  _PTESE 
SECTION: ".abs_section_1852"
  _PTEDS 
SECTION: ".abs_section_1854"
  _PTFPE 
SECTION: ".abs_section_1855"
  _PTFSE 
SECTION: ".abs_section_1856"
  _PTFDS 
SECTION: ".abs_section_1858"
  _PTGPE 
SECTION: ".abs_section_1859"
  _PTGSE 
SECTION: ".abs_section_185a"
  _PTGDS 
SECTION: ".abs_section_12"
  _ADCR 
SECTION: ".abs_section_14"
  _ADCCV 
SECTION: ".abs_section_21"
  _TPM1CNT 
SECTION: ".abs_section_23"
  _TPM1MOD 
SECTION: ".abs_section_26"
  _TPM1C0V 
SECTION: ".abs_section_29"
  _TPM1C1V 
SECTION: ".abs_section_2c"
  _TPM1C2V 
SECTION: ".abs_section_2f"
  _TPM1C3V 
SECTION: ".abs_section_32"
  _TPM1C4V 
SECTION: ".abs_section_35"
  _TPM1C5V 
SECTION: ".abs_section_38"
  _SCI1BD 
SECTION: ".abs_section_40"
  _SCI2BD 
SECTION: ".abs_section_54"
  _SPI1D16 
SECTION: ".abs_section_56"
  _SPI1M 
SECTION: ".abs_section_61"
  _TPM2CNT 
SECTION: ".abs_section_63"
  _TPM2MOD 
SECTION: ".abs_section_66"
  _TPM2C0V 
SECTION: ".abs_section_69"
  _TPM2C1V 
SECTION: ".abs_section_74"
  _SPI2D16 
SECTION: ".abs_section_76"
  _SPI2M 
SECTION: ".abs_section_1806"
  _SDID 
SECTION: ".abs_section_1810"
  _DBGCA 
SECTION: ".abs_section_1812"
  _DBGCB 
SECTION: ".abs_section_1814"
  _DBGF 
SECTION: ".abs_section_ffca"
  _Vector_26 

*********************************************************************************************
OBJECT LIST SORTED BY ADDRESS
     Name                                      Addr   hSize   dSize     Ref    Section   RLIB
---------------------------------------------------------------------------------------------
     _PTAD                                        0       1       1       0   .abs_section_0
     _PTADD                                       1       1       1       1   .abs_section_1
     _PTBD                                        2       1       1       3   .abs_section_2
     _PTBDD                                       3       1       1       1   .abs_section_3
     _PTCD                                        4       1       1       0   .abs_section_4
     _PTCDD                                       5       1       1       1   .abs_section_5
     _PTDD                                        6       1       1       1   .abs_section_6
     _PTDDD                                       7       1       1       1   .abs_section_7
     _PTED                                        8       1       1       0   .abs_section_8
     _PTEDD                                       9       1       1       1   .abs_section_9
     _PTFD                                        A       1       1       0   .abs_section_a
     _PTFDD                                       B       1       1       1   .abs_section_b
     _PTGD                                        C       1       1       2   .abs_section_c
     _PTGDD                                       D       1       1       1   .abs_section_d
     _ACMPSC                                      E       1       1       0   .abs_section_e
     _ADCSC1                                     10       1       1       5   .abs_section_10
     _ADCSC2                                     11       1       1       1   .abs_section_11
     _ADCR                                       12       2       2       1   .abs_section_12
     _ADCCV                                      14       2       2       0   .abs_section_14
     _ADCCFG                                     16       1       1       1   .abs_section_16
     _APCTL1                                     17       1       1       2   .abs_section_17
     _APCTL2                                     18       1       1       0   .abs_section_18
     _IRQSC                                      1B       1       1       0   .abs_section_1b
     _KBISC                                      1C       1       1       0   .abs_section_1c
     _KBIPE                                      1D       1       1       0   .abs_section_1d
     _KBIES                                      1E       1       1       0   .abs_section_1e
     _TPM1SC                                     20       1       1       1   .abs_section_20
     _TPM1CNT                                    21       2       2       0   .abs_section_21
     _TPM1MOD                                    23       2       2       0   .abs_section_23
     _TPM1C0SC                                   25       1       1       4   .abs_section_25
     _TPM1C0V                                    26       2       2       2   .abs_section_26
     _TPM1C1SC                                   28       1       1       4   .abs_section_28
     _TPM1C1V                                    29       2       2       2   .abs_section_29
     _TPM1C2SC                                   2B       1       1       4   .abs_section_2b
     _TPM1C2V                                    2C       2       2       2   .abs_section_2c
     _TPM1C3SC                                   2E       1       1       1   .abs_section_2e
     _TPM1C3V                                    2F       2       2       0   .abs_section_2f
     _TPM1C4SC                                   31       1       1       0   .abs_section_31
     _TPM1C4V                                    32       2       2       0   .abs_section_32
     _TPM1C5SC                                   34       1       1       0   .abs_section_34
     _TPM1C5V                                    35       2       2       0   .abs_section_35
     _SCI1BD                                     38       2       2       2   .abs_section_38
     _SCI1C1                                     3A       1       1       1   .abs_section_3a
     _SCI1C2                                     3B       1       1       4   .abs_section_3b
     _SCI1S1                                     3C       1       1       3   .abs_section_3c
     _SCI1S2                                     3D       1       1       1   .abs_section_3d
     _SCI1C3                                     3E       1       1       1   .abs_section_3e
     _SCI1D                                      3F       1       1       2   .abs_section_3f
     _SCI2BD                                     40       2       2       0   .abs_section_40
     _SCI2C1                                     42       1       1       0   .abs_section_42
     _SCI2C2                                     43       1       1       0   .abs_section_43
     _SCI2S1                                     44       1       1       0   .abs_section_44
     _SCI2S2                                     45       1       1       0   .abs_section_45
     _SCI2C3                                     46       1       1       0   .abs_section_46
     _SCI2D                                      47       1       1       0   .abs_section_47
     _MCGC1                                      48       1       1       1   .abs_section_48
     _MCGC2                                      49       1       1       1   .abs_section_49
     _MCGTRM                                     4A       1       1       1   .abs_section_4a
     _MCGSC                                      4B       1       1       2   .abs_section_4b
     _MCGC3                                      4C       1       1       1   .abs_section_4c
     _SPI1C1                                     50       1       1       0   .abs_section_50
     _SPI1C2                                     51       1       1       0   .abs_section_51
     _SPI1BR                                     52       1       1       0   .abs_section_52
     _SPI1S                                      53       1       1       0   .abs_section_53
     _SPI1D16                                    54       2       2       0   .abs_section_54
     _SPI1M                                      56       2       2       0   .abs_section_56
     _IICA                                       58       1       1       0   .abs_section_58
     _IICF                                       59       1       1       0   .abs_section_59
     _IICC1                                      5A       1       1       0   .abs_section_5a
     _IICS                                       5B       1       1       0   .abs_section_5b
     _IICD                                       5C       1       1       0   .abs_section_5c
     _IICC2                                      5D       1       1       0   .abs_section_5d
     _TPM2SC                                     60       1       1       1   .abs_section_60
     _TPM2CNT                                    61       2       2       0   .abs_section_61
     _TPM2MOD                                    63       2       2       2   .abs_section_63
     _TPM2C0SC                                   65       1       1       1   .abs_section_65
     _TPM2C0V                                    66       2       2       2   .abs_section_66
     _TPM2C1SC                                   68       1       1       1   .abs_section_68
     _TPM2C1V                                    69       2       2       2   .abs_section_69
     _RTCSC                                      6C       1       1       2   .abs_section_6c
     _RTCCNT                                     6D       1       1       0   .abs_section_6d
     _RTCMOD                                     6E       1       1       1   .abs_section_6e
     _SPI2C1                                     70       1       1       0   .abs_section_70
     _SPI2C2                                     71       1       1       0   .abs_section_71
     _SPI2BR                                     72       1       1       0   .abs_section_72
     _SPI2S                                      73       1       1       0   .abs_section_73
     _SPI2D16                                    74       2       2       0   .abs_section_74
     _SPI2M                                      76       2       2       0   .abs_section_76
     _USBCTL0                                    80       1       1       1   .abs_section_80
     _PERID                                      88       1       1       0   .abs_section_88
     _IDCOMP                                     89       1       1       0   .abs_section_89
     _REV                                        8A       1       1       0   .abs_section_8a
     _INTSTAT                                    90       1       1       0   .abs_section_90
     _INTENB                                     91       1       1       0   .abs_section_91
     _ERRSTAT                                    92       1       1       0   .abs_section_92
     _ERRENB                                     93       1       1       0   .abs_section_93
     _STAT                                       94       1       1       0   .abs_section_94
     _CTL                                        95       1       1       0   .abs_section_95
     _ADDR                                       96       1       1       0   .abs_section_96
     _FRMNUML                                    97       1       1       0   .abs_section_97
     _FRMNUMH                                    98       1       1       0   .abs_section_98
     _EPCTL0                                     9D       1       1       0   .abs_section_9d
     _EPCTL1                                     9E       1       1       0   .abs_section_9e
     _EPCTL2                                     9F       1       1       0   .abs_section_9f
     _EPCTL3                                     A0       1       1       0   .abs_section_a0
     _EPCTL4                                     A1       1       1       0   .abs_section_a1
     _EPCTL5                                     A2       1       1       0   .abs_section_a2
     _EPCTL6                                     A3       1       1       0   .abs_section_a3
     f1                                         100       6       6       1   .bss        
     dataPointer                                106       1       1       5   .bss        
     txDataLength                               107       1       1       2   .bss        
     nBytes                                     108       1       1       3   .bss        
     bufferRx                                   109      20      32       3   .bss        
     executingVector                            129      5C      92       8   .bss        
     mefSensorFrontStatus                       185       1       1       3   .bss        
     mefSensorLeftStatus                        186       1       1       3   .bss        
     mefSensorRightStatus                       187       1       1       3   .bss        
     bufferIn                                   188      20      32       2   .bss        
     bufferOut                                  1A8      20      32       1   .bss        
     STATUS_MEF                                 1C8       1       1      12   .common     
     function                                   1C9       1       1       2   .common     
     bufferTx                                   1CA      20      32       2   .common     
     sensorFrontTime                            1EA       2       2       1   .common     
     risingEdgeTimeSensorFront                  1EC       2       2       3   .common     
     fallingEdgeTimeSensorFront                 1EE       2       2       3   .common     
     measureSensorFront16                       1F0       2       2       3   .common     
     sensorFrontFunctionStruct                  1F2       2       2       2   .common     
     sensorFrontDatos                           1F4       B      11       4   .common     
     sensorLeftTime                             1FF       2       2       1   .common     
     risingEdgeTimeSensorLeft                   201       2       2       3   .common     
     fallingEdgeTimeSensorLeft                  203       2       2       3   .common     
     measureSensorLeft16                        205       2       2       3   .common     
     sensorLeftFunctionStruct                   207       2       2       2   .common     
     sensorLeftDatos                            209       B      11       4   .common     
     sensorRightTime                            214       2       2       1   .common     
     risingEdgeTimeSensorRight                  216       2       2       3   .common     
     fallingEdgeTimeSensorRight                 218       2       2       3   .common     
     measureSensorRight16                       21A       2       2       3   .common     
     sensorRightFunctionStruct                  21C       2       2       2   .common     
     sensorRightDatos                           21E       B      11       4   .common     
     _SRS                                      1800       1       1       0   .abs_section_1800
     _SBDFR                                    1801       1       1       0   .abs_section_1801
     _SOPT1                                    1802       1       1       1   .abs_section_1802
     _SOPT2                                    1803       1       1       0   .abs_section_1803
     _SDID                                     1806       2       2       0   .abs_section_1806
     _SPMSC1                                   1809       1       1       0   .abs_section_1809
     _SPMSC2                                   180A       1       1       0   .abs_section_180a
     _DBGCA                                    1810       2       2       0   .abs_section_1810
     _DBGCB                                    1812       2       2       0   .abs_section_1812
     _DBGF                                     1814       2       2       0   .abs_section_1814
     _DBGC                                     1816       1       1       0   .abs_section_1816
     _DBGT                                     1817       1       1       0   .abs_section_1817
     _DBGS                                     1818       1       1       0   .abs_section_1818
     _FCDIV                                    1820       1       1       0   .abs_section_1820
     _FOPT                                     1821       1       1       0   .abs_section_1821
     _FCNFG                                    1823       1       1       0   .abs_section_1823
     _FPROT                                    1824       1       1       0   .abs_section_1824
     _FSTAT                                    1825       1       1       0   .abs_section_1825
     _FCMD                                     1826       1       1       0   .abs_section_1826
     _PTAPE                                    1840       1       1       0   .abs_section_1840
     _PTASE                                    1841       1       1       0   .abs_section_1841
     _PTADS                                    1842       1       1       0   .abs_section_1842
     _PTBPE                                    1844       1       1       0   .abs_section_1844
     _PTBSE                                    1845       1       1       0   .abs_section_1845
     _PTBDS                                    1846       1       1       0   .abs_section_1846
     _PTCPE                                    1848       1       1       0   .abs_section_1848
     _PTCSE                                    1849       1       1       0   .abs_section_1849
     _PTCDS                                    184A       1       1       0   .abs_section_184a
     _PTDPE                                    184C       1       1       0   .abs_section_184c
     _PTDSE                                    184D       1       1       0   .abs_section_184d
     _PTDDS                                    184E       1       1       0   .abs_section_184e
     _PTEPE                                    1850       1       1       1   .abs_section_1850
     _PTESE                                    1851       1       1       0   .abs_section_1851
     _PTEDS                                    1852       1       1       0   .abs_section_1852
     _PTFPE                                    1854       1       1       0   .abs_section_1854
     _PTFSE                                    1855       1       1       0   .abs_section_1855
     _PTFDS                                    1856       1       1       0   .abs_section_1856
     _PTGPE                                    1858       1       1       0   .abs_section_1858
     _PTGSE                                    1859       1       1       0   .abs_section_1859
     _PTGDS                                    185A       1       1       0   .abs_section_185a
     loadByte                                  8000       E      14       5   .init       
     Init                                      800E      86     134       1   .init       
     _Startup                                  8094       A      10       0   .init       
     main                                      80B0      4A      74       1   .text       
     _IDIVMOD                                  80FA      69     105       1   .text       
     _IMUL_STAR08                              8163      27      39       3   .text       
     _IDIVU_STAR08                             818A       D      13       3   .text       
     beginComunication                         8197       6       6       1   .text       
     TxInterrupt                               819D      25      37       1   .text       
     RxInterrupt                               81C2      B2     178       2   .text       
     InitBuffer                                8274       4       4       3   .text       
     getFromBuffer                             8278      43      67       2   .text       
     setToBuffer                               82BB      4D      77       2   .text       
     getSpaceOfBuffer                          8308      24      36       2   .text       
     getExecutingVectorPointer                 832C       4       4       1   .text       
     getFromExecutingVectorOnIndex             8330      1C      28       1   .text       
     initExecutingVector                       834C      1F      31       1   .text       
     setBufferOnBuffer                         836B      41      65       1   .text       
     isDataAvailable                           83AC      17      23       1   .text       
     InitReg                                   83C3       9       9       1   .text       
     InitClock                                 83CC      1C      28       1   .text       
     InitComunication                          83E8      11      17       1   .text       
     InitInputCompare                          83F9      10      16       1   .text       
     InitPwm                                   8409      18      24       1   .text       
     InitADC                                   8421       E      14       1   .text       
     InitPorts                                 842F      1A      26       1   .text       
     InitRtc                                   8449       6       6       1   .text       
     interruptSensorFront                      844F      7B     123       1   .text       
     interruptSensorLeft                       84CA      7B     123       1   .text       
     interruptSensorRight                      8545      7B     123       1   .text       
     RTCInterrupt                              85C0      1B      27       1   .text       
     decreaseTimer                             85DB      3C      60       1   .text       
     adcInterrupt                              8617       C      12       1   .text       
     switchSensor                              8623       5       5       1   .text       
     _Vector_29                                FFC4       2       2       0   .abs_section_ffc4
     _Vector_26                                FFCA       2       2       0   .abs_section_ffca
     _Vector_21                                FFD4       2       2       0   .abs_section_ffd4
     _Vector_20                                FFD6       2       2       0   .abs_section_ffd6
     _Vector_11                                FFE8       2       2       0   .abs_section_ffe8
     _Vector_10                                FFEA       2       2       0   .abs_section_ffea
     _Vector_9                                 FFEC       2       2       0   .abs_section_ffec

*********************************************************************************************
UNUSED-OBJECTS SECTION
---------------------------------------------------------------------------------------------
NOT USED PROCEDURES
RTSHC08.C.o (ansiis.lib):
  _PUSH_ARGS_L _PUSH_ARGS_D _ENTER_UNARY_L _ENTER_UNARY_L64 _ENTER_UNARY_L64_4 
  _ENTER_BINARY_L _ENTER_BINARY_L_RC _ENTER_BINARY_L_LC _ENTER_BINARY_L64 
  _ENTER_BINARY_L64_LC _ENTER_BINARY_L64_RC _SPLITSIGN _LADD_k_is_k_plus_j 
  _k_is_k_plus_j_l _k_is_k_plus_j_i _LSUB_k_is_k_minus_j _LAND_k_is_k_and_j 
  _LOR_k_is_k_or_j _LXOR_k_is_k_xor_j _LMUL_k_is_k_mul_j _LDIVMOD _NEG_L_HX 
  _ABS_L_HX _SPLITSIGN_L _LMODU_k_is_k_mod_j _LDIVU_k_is_k_div_j 
  _LMODS_k_is_k_mod_j _LDIVS_k_is_k_div_j _LCMP_k_rel_j _CMP24_k_rel_j _BMULS 
  _BDIVS _BMODS _IDIVS_STAR08 _IMODS_STAR08 _IMODU_STAR08 _IDIVU_8 _IMODU_8 
  _IASR _ILSR _ILSL _ICMP _LINC _LDEC _LNEG _LNOT _LADD _LADD_RC _LSUB _LSUB_LC 
  _LSUB_RC _LAND _LAND_RC _LOR _LOR_RC _LXOR _LXOR_RC _LMUL _LMUL_RC _LDIVS 
  _LDIVS_LC _LDIVS_RC _LDIVU _LDIVU_LC _LDIVU_RC _LMODS _LMODS_LC _LMODS_RC 
  _LMODU _LMODU_LC _LMODU_RC _LASR _LLSR _LLSL _LCMP _LCMP_RC _PUSH_ARGS_24 
  _ENTER_BINARY_24_RC _ENTER_BINARY_24 _CMP24 _CMP24_RC _COPY _COPY_L _POP32 
  _POP64 _STORE32 _STORE64 _SEXT8_32 _SEXT16_32 _CALL_STAR08 _CALL_STAR08_FAR 
  _Jump_Table_Addr _Jump_Table_Offset _Jump_Table_Header_Addr 
  _Jump_Table_Header_Offset _Search_Table_16_Addr _Search_Table_16_Offset 
  _Search_Table_8_Addr _Search_Table_8_Offset _PUSH_CC _POP_CC 
  _CONV_FAR_TO_NEAR _CONV_FAR_TO_LINEAR _CONV_LINEAR_TO_FAR 
Comunicacion.c.o:
  SendByte frameGenerator 
Config.c.o:
  setToExecutingVector setFunctionToExecutingVector getFromExecutingVector 
  getChildOf newFunctionInExecutingVector 
SensoresUltraSonido.c.o:
  getUltrasonic triggerDelay 
FunctionHandler.c.o:
  functionHandler 
NOT USED VARIABLES
main.c.o:
  executingVector 
RTSHC08.C.o (ansiis.lib):
  _PowOfTwo_8 _PowOfTwo_16 _PowOfTwo_32 errno 
Comunicacion.c.o:
  executingVector singleData nData 
SensoresUltraSonido.c.o:
  executingVector 
RTCmodule.c.o:
  executingVector timeCounter time 
FunctionHandler.c.o:
  leftWheelSteps rightWheelSteps leftWheelVelocity rightWheelVelocity 
  executingVector 
SensoresMeta.c.o:
  executingVector varSensor1 varSensor2 

*********************************************************************************************
COPYDOWN SECTION
---------------------------------------------------------------------------------------------
------- ROM-ADDRESS: 0x8628 ---- SIZE       2 ---
Filling bytes inserted
 0000

*********************************************************************************************
OBJECT-DEPENDENCIES SECTION
---------------------------------------------------------------------------------------------
Init                      USES _startupData loadByte 
_Startup                  USES __SEG_END_SSTACK Init main 
main                      USES f1 InitReg InitClock InitComunication InitPorts 
                                InitInputCompare InitRtc beginComunication initExecutingVector 
                                bufferIn InitBuffer bufferOut InitPwm InitADC _PTGD 
                                _PTBD _PTDD 
_IDIVU_STAR08             USES _IDIVMOD 
beginComunication         USES STATUS_MEF 
TxInterrupt               USES _SCI1S1 txDataLength bufferTx isDataAvailable 
                                _SCI1C2 getFromBuffer _SCI1D 
RxInterrupt               USES _SCI1S1 _SCI1D _SCI1C2 STATUS_MEF nBytes 
                                dataPointer RxInterrupt function bufferRx bufferIn 
                                setBufferOnBuffer InitBuffer setToBuffer 
getExecutingVectorPointer USES executingVector 
getFromExecutingVectorOnIndex USES executingVector 
initExecutingVector       USES executingVector 
setBufferOnBuffer         USES getSpaceOfBuffer getFromBuffer setToBuffer 
InitReg                   USES _SOPT1 _USBCTL0 
InitClock                 USES _MCGTRM _MCGSC _MCGC2 _MCGC1 _MCGC3 
InitComunication          USES _SCI1S2 _SCI1BD _SCI1C1 _SCI1C3 _SCI1C2 _SCI1S1 
InitInputCompare          USES _TPM1SC _TPM1C0SC _TPM1C1SC _TPM1C2SC _TPM1C3SC 
InitPwm                   USES _TPM2C0SC _TPM2C1SC _TPM2SC _TPM2C0V _TPM2MOD 
                                _TPM2C1V 
InitADC                   USES _APCTL1 _ADCCFG _ADCSC2 _ADCSC1 
InitPorts                 USES _PTADD _PTBDD _PTCDD _PTDDD _PTEDD _PTFDD 
                                _PTGDD _PTEPE 
InitRtc                   USES _RTCMOD _RTCSC 
interruptSensorFront      USES _TPM1C0SC mefSensorFrontStatus 
                                sensorFrontFunctionStruct _TPM1C0V risingEdgeTimeSensorFront 
                                fallingEdgeTimeSensorFront sensorFrontTime _IMUL_STAR08 _IDIVU_STAR08 
                                measureSensorFront16 sensorFrontDatos 
interruptSensorLeft       USES _TPM1C1SC mefSensorLeftStatus 
                                sensorLeftFunctionStruct _TPM1C1V risingEdgeTimeSensorLeft 
                                fallingEdgeTimeSensorLeft sensorLeftTime _IMUL_STAR08 _IDIVU_STAR08 
                                measureSensorLeft16 sensorLeftDatos 
interruptSensorRight      USES _TPM1C2SC mefSensorRightStatus 
                                sensorRightFunctionStruct _TPM1C2V risingEdgeTimeSensorRight 
                                fallingEdgeTimeSensorRight sensorRightTime _IMUL_STAR08 _IDIVU_STAR08 
                                measureSensorRight16 sensorRightDatos 
RTCInterrupt              USES _RTCSC getFromExecutingVectorOnIndex 
                                decreaseTimer getExecutingVectorPointer 
adcInterrupt              USES _ADCR _ADCSC1 switchSensor 
switchSensor              USES _ADCSC1 
_Vector_29                USES RTCInterrupt 
_Vector_26                USES adcInterrupt 
_Vector_21                USES TxInterrupt 
_Vector_20                USES RxInterrupt 
_Vector_11                USES interruptSensorRight 
_Vector_10                USES interruptSensorLeft 
_Vector_9                 USES interruptSensorFront 

*********************************************************************************************
DEPENDENCY TREE
*********************************************************************************************
 main and _Startup Group
 | 
 +- main                
 |  | 
 |  +- InitReg             
 |  |    
 |  +- InitClock           
 |  |    
 |  +- InitComunication    
 |  |    
 |  +- InitPorts           
 |  |    
 |  +- InitInputCompare    
 |  |    
 |  +- InitRtc             
 |  |    
 |  +- beginComunication   
 |  |    
 |  +- initExecutingVector 
 |  |    
 |  +- InitBuffer          
 |  |    
 |  +- InitPwm             
 |  |    
 |  +- InitADC             
 |       
 +- _Startup            
    | 
    +- Init                
    |  | 
    |  +- loadByte            
    |       
    +- main                 (see above)
       
 _Vector_21          
 | 
 +- TxInterrupt         
    | 
    +- isDataAvailable     
    |    
    +- getFromBuffer       
         
 _Vector_20          
 | 
 +- RxInterrupt         
    | 
    +- setBufferOnBuffer   
    |  | 
    |  +- getSpaceOfBuffer    
    |  |    
    |  +- getFromBuffer        (see above)
    |  |  
    |  +- setToBuffer         
    |       
    +- InitBuffer           (see above)
    |  
    +- setToBuffer          (see above)
       
 _Vector_9           
 | 
 +- interruptSensorFront
    | 
    +- _IMUL_STAR08        
    |    
    +- _IDIVU_STAR08       
       | 
       +- _IDIVMOD            
            
 _Vector_10          
 | 
 +- interruptSensorLeft 
    | 
    +- _IMUL_STAR08         (see above)
    |  
    +- _IDIVU_STAR08        (see above)
       
 _Vector_11          
 | 
 +- interruptSensorRight
    | 
    +- _IMUL_STAR08         (see above)
    |  
    +- _IDIVU_STAR08        (see above)
       
 _Vector_29          
 | 
 +- RTCInterrupt        
    | 
    +- getFromExecutingVectorOnIndex
    |    
    +- decreaseTimer       
    |    
    +- getExecutingVectorPointer
         
 _Vector_26          
 | 
 +- adcInterrupt        
    | 
    +- switchSensor        
         
*********************************************************************************************
STATISTIC SECTION
---------------------------------------------------------------------------------------------

ExeFile:
--------
Number of blocks to be downloaded: 11
Total size of all blocks to be downloaded: 1594

